=== 블록 부트스트랩 구간 A (블록 252일, 1000회) ===
  [A] 100/1000  26s  (eta 232s)
  [A] 200/1000  52s  (eta 207s)
  [A] 300/1000  79s  (eta 185s)
  [A] 400/1000  105s  (eta 158s)
  [A] 500/1000  131s  (eta 131s)
  [A] 600/1000  158s  (eta 105s)
  [A] 700/1000  184s  (eta 79s)
  [A] 800/1000  211s  (eta 53s)
  [A] 900/1000  237s  (eta 26s)
  [A] 1000/1000  262s  (eta 0s)
  [A] 합성 3배 소멸(원금 1% 미만) 경로 비율: 43.5%
=== 블록 부트스트랩 구간 C (블록 252일, 1000회) ===
  [C] 100/1000  33s  (eta 297s)
  [C] 200/1000  65s  (eta 260s)
  [C] 300/1000  97s  (eta 226s)
  [C] 400/1000  130s  (eta 195s)
  [C] 500/1000  163s  (eta 163s)
  [C] 600/1000  193s  (eta 129s)
  [C] 700/1000  224s  (eta 96s)
  [C] 800/1000  254s  (eta 64s)
  [C] 900/1000  285s  (eta 32s)
  [C] 1000/1000  316s  (eta 0s)
  [C] 합성 3배 소멸(원금 1% 미만) 경로 비율: 34.8%
구간 key  CAGR_중앙  CAGR_평균  CAGR_하위10  CAGR_하위5  CAGR_최악  CAGR_상위10  CAGR_음수비율  MDD_중앙  MDD_하위10  MDD_최악
 A  P1     7.55     7.41       1.86      0.55    -8.19      12.63        4.5  -46.59    -64.37  -91.44
 A  P2     7.16     7.34       1.99      0.51    -7.09      13.07        3.8  -46.83    -62.55  -88.43
 A  P3     7.87     7.73       1.29     -0.06    -9.40      13.81        5.3  -51.49    -69.65  -93.74
 A  P4     7.02     7.69       1.42      0.02    -7.68      14.73        5.0  -55.07    -70.59  -89.86
 A  B1     6.19     5.98       1.14     -0.81    -9.55      10.98        6.9  -49.99    -67.66  -93.53
 A  B2     5.32     4.99      -3.48     -6.07   -20.77      13.25       21.6  -69.93    -87.99  -99.60
 A  C1     6.64     6.52       2.64      1.25    -6.07      10.31        2.4  -39.15    -53.44  -85.59
 C  P1     9.87     9.91       5.02      3.47    -5.05      14.86        0.8  -46.80    -63.02  -90.95
 C  P2     9.68     9.95       4.76      3.26    -3.22      15.47        0.8  -47.70    -62.02  -82.74
 C  P3    10.46    10.54       4.71      3.03    -6.62      16.22        1.4  -51.56    -68.26  -94.85
 C  P4     9.89    10.99       4.29      2.77    -3.69      18.93        1.1  -59.53    -75.40  -91.98
 C  B1     8.48     8.37       3.93      2.33    -5.54      12.81        2.0  -50.67    -66.03  -89.63
 C  B2     9.12     8.86       1.46     -1.52   -13.09      15.96        7.5  -68.04    -85.50  -99.24
 C  C1     8.43     8.38       4.88      3.60    -2.42      11.93        0.7  -39.60    -52.06  -75.00
