
===== 구간 A (2000-01-03 ~ 2019-12-31) =====
key  최종자산_세전  최종자산_세후  CAGR_세전  CAGR_세후  CAGR_원화    MDD  최장회복_거래일  연변동성  Sharpe  Sortino  Calmar  최악의연도  최악연도  최악롤링3년  최악롤링5년  연평균매매  연평균세금
 A1  91646.0  73855.0    11.74    10.54    11.88 -39.78       948 18.08    0.61     0.86    0.30 -23.91  2008  -11.87   -0.44   0.25  755.0
 A2  68679.0  56643.0    10.14     9.08    10.27 -39.89       943 17.68    0.54     0.76    0.25 -24.16  2008  -11.66    0.48   0.60  499.0
 A3  40763.0  35539.0     7.30     6.56     7.43 -30.99      1167 13.09    0.48     0.67    0.24 -17.66  2000   -9.07   -0.47   0.20  261.0
 P3  46320.0  40007.0     7.99     7.20     8.12 -61.60      2694 20.50    0.40     0.56    0.13 -34.59  2008  -25.51   -8.95   0.95  308.0
 C1  36209.0  31400.0     6.66     5.91     6.79 -42.59      1341 14.33    0.41     0.57    0.16 -26.16  2008  -11.58   -3.70   0.35  241.0
 B1  32128.0  27736.0     6.03     5.25     6.15 -55.19      1656 18.97    0.32     0.45    0.11 -36.79  2008  -17.31   -8.40   0.00  220.0
 B2  25584.0  22632.0     4.82     4.18     4.95 -82.96      3747 27.34    0.25     0.35    0.06 -41.73  2008  -40.16  -20.83   0.00  148.0
  체결 횟수: {'A1': 5, 'A2': 12, 'A3': 4, 'P3': 19, 'C1': 7, 'B1': 0, 'B2': 0}

===== 구간 B (2020-01-02 ~ 2026-09-16) =====
key  최종자산_세전  최종자산_세후  CAGR_세전  CAGR_세후  CAGR_원화    MDD  최장회복_거래일  연변동성  Sharpe  Sortino  Calmar  최악의연도  최악연도  최악롤링3년  최악롤링5년  연평균매매  연평균세금
 A1  32442.0  28303.0    19.28    16.86    21.91 -23.21       525 17.53    0.93     1.30    0.83 -12.52  2022    5.26   14.24   0.30  610.0
 A2  35629.0  31162.0    20.96    18.56    23.64 -25.85       571 18.14    0.98     1.38    0.81 -17.46  2022    2.70   14.15   0.75  668.0
 A3  33170.0  28856.0    19.67    17.20    22.32 -27.85       521 19.99    0.85     1.19    0.71 -19.37  2022    4.89   14.95   0.30  646.0
 P3  33016.0  29358.0    19.59    17.51    22.23 -32.93       367 22.34    0.78     1.09    0.59 -22.74  2022    9.13   15.61   0.90  543.0
 C1  23129.0  20775.0    13.39    11.58    15.89 -26.49       487 15.30    0.71     1.00    0.51 -13.06  2022    4.72   11.05   0.45  352.0
 B1  25413.0  22433.0    15.00    12.87    17.54 -33.72       488 20.09    0.65     0.92    0.44 -18.18  2022    4.63   11.58   0.00  446.0
 B2  33799.0  28973.0    20.01    17.27    22.66 -35.12       493 24.87    0.74     1.05    0.57 -32.58  2022    5.48   12.64   0.00  722.0
  체결 횟수: {'A1': 2, 'A2': 5, 'A3': 2, 'P3': 6, 'C1': 3, 'B1': 0, 'B2': 0}

===== 구간 C (2000-01-03 ~ 2026-09-16) =====
key  최종자산_세전  최종자산_세후  CAGR_세전  CAGR_세후  CAGR_원화    MDD  최장회복_거래일  연변동성  Sharpe  Sortino  Calmar  최악의연도  최악연도  최악롤링3년  최악롤링5년  연평균매매  연평균세금
 A1 303835.0 220906.0    13.67    12.32    14.41 -39.78       948 17.94    0.69     0.98    0.34 -23.91  2008  -11.87   -0.44   0.30 2038.0
 A2 210206.0 158576.0    12.11    10.93    12.84 -39.89       943 18.25    0.61     0.86    0.30 -24.16  2008  -11.66    0.48   0.49 1416.0
 A3 110754.0  89636.0     9.45     8.58    10.16 -30.99      1167 13.40    0.59     0.83    0.30 -17.66  2000   -9.07   -0.47   0.23  743.0
 P3 156426.0 124998.0    10.88     9.95    11.60 -61.60      2694 21.08    0.50     0.70    0.18 -34.59  2008  -25.51   -8.95   0.98  975.0
 C1  84928.0  69924.0     8.36     7.58     9.07 -42.59      1341 14.73    0.48     0.68    0.20 -26.16  2008  -11.58   -3.70   0.38  562.0
 B1  82577.0  67020.0     8.25     7.40     8.95 -55.19      1656 19.26    0.40     0.57    0.15 -36.79  2008  -17.31   -8.40   0.00  584.0
 B2  88090.0  71321.0     8.51     7.66     9.22 -82.96      3747 26.74    0.36     0.52    0.10 -41.73  2008  -40.16  -20.83   0.00  629.0
  체결 횟수: {'A1': 8, 'A2': 13, 'A3': 6, 'P3': 26, 'C1': 10, 'B1': 0, 'B2': 0}

===== 구간 A 연간 수익률 (%) =====
        A1    A2    A3    P3    C1    B1    B2
2000 -17.7 -17.7 -17.7 -20.1  -6.0  -8.8 -38.4
2001  -4.1  -2.0  -4.1 -21.1  -8.3 -11.8 -33.3
2002  -3.1  -6.4   5.8 -24.6 -13.3 -21.6 -37.4
2003  38.0  44.6  21.1  44.0  24.5  28.2  49.7
2004   9.9   8.7   6.7  10.3   9.5  10.7  10.5
2005   7.8   9.9  13.0   3.2   5.9   4.8   1.6
2006  16.0  17.5  19.6  12.1  15.5  15.8   7.1
2007  25.9  25.1  22.3  13.3   8.2   5.1  19.0
2008 -23.9 -24.2 -11.2 -34.6 -26.2 -36.8 -41.7
2009  43.4  40.0  23.3  46.8  22.1  26.4  54.7
2010  30.0  28.5  24.5  19.9  16.1  15.1  20.1
2011   3.5   4.5   7.1   1.8   4.3   1.9   3.5
2012  19.4  17.0   8.3  18.0  12.7  16.0  18.1
2013  39.5   7.1  -4.0  40.1  22.4  32.3  36.6
2014   9.4  12.8   3.9  17.8  11.0  13.5  19.2
2015  -1.8  -3.7  -5.8   3.0  -0.1   1.2   9.4
2016  10.8  10.6  11.7  10.1  11.5  12.0   7.1
2017  29.5  31.7  16.8  34.2  18.7  21.7  32.7
2018  -7.0  -5.5  -3.8  -5.6  -4.0  -4.6  -0.1
2019  43.2  34.3  22.6  42.8  26.9  31.1  38.8

===== 구간 B 연간 수익률 (%) =====
        A1    A2    A3    P3    C1    B1    B2
2020  31.9  43.8  31.9  29.7  16.6  17.2  46.0
2021  22.0  17.3  22.0  30.6  22.5  28.7  27.4
2022 -12.5 -17.5 -19.4 -22.7 -13.1 -18.2 -32.6
2023  16.1  18.9  26.7  49.6  17.6  26.2  54.9
2024  24.4  25.7  28.7  24.4  20.2  24.9  25.6
2025  45.4  49.6  41.8  19.7  18.6  17.7  20.8
2026   9.8  14.6  10.6  13.4  11.2  11.1  14.9

===== 구간 A 세부 누적수익 (%) =====
세부   2000-2002 닷컴붕괴  2003-2007 회복장  2008-2009 금융위기  2010-2019 강세장
key                                                              
A1            -23.4          138.7             8.7          347.7
A2            -24.5          147.8             5.1          229.7
A3            -16.4          113.2             7.5          104.5
P3            -52.4          104.1            -2.8          376.3
C1            -25.3           76.9            -9.6          193.5
B1            -36.9           75.5           -19.4          246.5
B2            -74.3          105.6            -8.4          408.0
[구간 A 세부 MDD %]
세부   2000-2002 닷컴붕괴  2003-2007 회복장  2008-2009 금융위기  2010-2019 강세장
key                                                              
A1            -36.0          -19.3           -36.9          -20.6
A2            -38.9          -18.5           -39.9          -16.4
A3            -31.0          -16.9           -30.2          -14.1
P3            -61.6          -14.3           -48.4          -23.2
C1            -35.6          -10.7           -40.8          -15.1
B1            -47.5          -13.7           -51.9          -19.3
B2            -83.0          -17.3           -49.4          -22.8

===== 구간 B 세부 누적수익 (%) =====
세부   2020 코로나폭락  2020-04~2021 회복장  2022 약세장  2023~최근
key                                                 
A1        -21.2              80.5     -12.7    129.5
A2        -21.2              88.9     -17.2    155.2
A3        -21.2              80.5     -19.5    154.7
P3        -32.9             117.3     -23.4    153.1
C1        -26.5              73.5     -13.2     86.6
B1        -33.7              98.0     -18.6    106.9
B2        -27.9             120.1     -33.2    171.6
[구간 B 세부 MDD %]
세부   2020 코로나폭락  2020-04~2021 회복장  2022 약세장  2023~최근
key                                                 
A1        -23.2             -11.3     -21.3    -13.7
A2        -23.2             -10.6     -24.9    -15.7
A3        -23.2             -11.3     -26.9    -17.2
P3        -32.9             -14.6     -28.1    -20.3
C1        -26.5              -7.6     -20.3    -13.4
B1        -33.7              -9.4     -24.5    -18.8
B2        -28.6             -12.7     -34.8    -22.8

===== 코로나 폭락 =====
key     낙폭        저점일        회복일  회복_거래일
 A1 -23.21 2020-03-20 2020-06-10      78
 A2 -23.21 2020-03-20 2020-05-18      62
 A3 -23.21 2020-03-20 2020-06-10      78
 P3 -32.93 2020-03-23 2020-07-31     114
 C1 -26.49 2020-03-23 2020-07-29     112
 B1 -33.72 2020-03-23 2020-08-10     120
 B2 -28.56 2020-03-16 2020-06-03      73

===== TQQQ=0 (2001-08-30 이후) =====
--- 구간 A ---
     CAGR기본  CAGR_TQQQ0  MDD기본  MDD_TQQQ0  최종_TQQQ0
key                                                
A1    11.74        7.32 -39.78     -30.99   40942.0
A2    10.14        7.36 -39.89     -31.19   41247.0
A3     7.30        7.26 -30.99     -30.99   40483.0
P3     7.99        4.27 -61.60     -42.85   23022.0
C1     6.66        6.66 -42.59     -42.59   36209.0
B1     6.03        6.03 -55.19     -55.19   32128.0
B2     4.82        4.82 -82.96     -82.96   25584.0
--- 구간 C ---
     CAGR기본  CAGR_TQQQ0  MDD기본  MDD_TQQQ0  최종_TQQQ0
key                                                
A1    13.67        9.37 -39.78     -30.99  108538.0
A2    12.11        9.27 -39.89     -31.19  105924.0
A3     9.45        9.36 -30.99     -30.99  108336.0
P3    10.88        5.80 -61.60     -42.85   44921.0
C1     8.36        8.36 -42.59     -42.59   84928.0
B1     8.25        8.25 -55.19     -55.19   82577.0
B2     8.51        8.51 -82.96     -82.96   88090.0

===== SCHD 프록시 민감도 (CAGR %, 순위) =====
--- 구간 A ---
       CAGR                   순위              
schd SCHD_a SCHD_b SCHD_c SCHD_a SCHD_b SCHD_c
key                                           
A1    11.74  13.00  13.02      1      1      1
A2    10.14  11.28  11.28      2      2      2
A3     7.30   7.81   7.89      4      4      4
P3     7.99   8.35   8.38      3      3      3
C1     6.66   7.09   7.10      5      5      5
B1     6.03   6.03   6.03      6      6      6
B2     4.82   4.82   4.82      7      7      7
--- 구간 C ---
       CAGR                   순위              
schd SCHD_a SCHD_b SCHD_c SCHD_a SCHD_b SCHD_c
key                                           
A1    13.67  14.63  14.64      1      1      1
A2    12.11  13.66  13.84      2      2      2
A3     9.45   9.78   9.84      4      4      4
P3    10.88  11.15  11.18      3      3      3
C1     8.36   8.69   8.69      6      5      5
B1     8.25   8.25   8.25      7      7      7
B2     8.51   8.51   8.51      5      6      6

===== 금 수익률 연 -2pp / -4pp 할인 시 CAGR (%) =====
--- 구간 A ---
        CAGR              순위        
금할인pp    0.0   2.0   4.0 0.0 2.0 4.0
key                                 
A1     11.74  9.39  9.44   1   1   1
A2     10.14  9.06  7.42   2   2   3
A3      7.30  6.19  5.05   4   5   6
P3      7.99  7.84  7.71   3   3   2
C1      6.66  6.46  6.28   5   4   4
B1      6.03  6.03  6.03   6   6   5
B2      4.82  4.82  4.82   7   7   7
--- 구간 C ---
        CAGR                순위        
금할인pp    0.0    2.0    4.0 0.0 2.0 4.0
key                                   
A1     13.67  11.41  11.07   1   1   1
A2     12.11  10.98   9.78   2   2   3
A3      9.45   7.86   6.66   4   7   7
P3     10.88  10.72  10.58   3   3   2
C1      8.36   8.13   7.94   6   6   6
B1      8.25   8.25   8.25   7   5   5
B2      8.51   8.51   8.51   5   4   4

===== 구간 B 시작월별 CAGR (%) =====
key            A1     A2     A3     P3     C1     B1     B2
start                                                      
2020-01-02  19.28  20.96  19.67  19.59  13.39  15.00  20.01
2020-02-03  18.93  20.80  19.20  19.51  13.58  15.24  19.77
2020-03-02  20.05  19.82  20.43  20.78  14.45  16.27  20.52
2020-04-01  24.00  24.11  26.59  27.84  17.84  20.59  24.05
2020-05-01  20.73  19.41  22.33  23.99  16.01  18.28  21.41
2020-06-01  20.60  18.16  21.03  21.89  15.02  17.08  19.87
2020-07-01  19.64  17.53  19.74  21.11  15.04  16.95  18.83
2020-08-03  17.57  17.47  17.73  19.73  14.16  16.12  17.72
2020-09-01  15.98  17.08  16.07  18.05  13.33  15.01  15.90
2020-10-01  17.74  18.31  17.89  19.63  14.20  16.04  17.33
2020-11-02  18.80  19.01  18.81  20.76  14.59  16.71  18.51
2020-12-01  15.60  15.60  15.60  18.43  13.16  14.89  16.40

[순위]
key         A1  A2  A3  P3  C1  B1  B2
start                                 
2020-01-02   5   1   3   4   7   6   2
2020-02-03   5   1   4   3   7   6   2
2020-03-02   4   5   3   1   7   6   2
2020-04-01   5   3   2   1   7   6   4
2020-05-01   4   5   2   1   7   6   3
2020-06-01   3   5   2   1   7   6   4
2020-07-01   3   5   2   1   7   6   4
2020-08-03   4   5   2   1   7   6   3
2020-09-01   4   2   3   1   7   6   5
2020-10-01   4   2   3   1   7   6   5
2020-11-02   4   2   3   1   7   6   5
2020-12-01   4   4   4   1   7   6   2

saved -> out/s5_*.csv
