=== ±¸°£ A ºÎÆ®½ºÆ®·¦ (ºí·Ï 252ÀÏ, 1000È¸) ===
  [A] 200/1000 49s (eta 196s)
  [A] 400/1000 98s (eta 148s)
  [A] 600/1000 150s (eta 100s)
  [A] 800/1000 205s (eta 51s)
  [A] 1000/1000 253s (eta 0s)

[±¸°£ A] ±âº» ´ëºñ ½Ö´ë ºñ±³
           CAGRÁß¾Ó  CAGRÇÏÀ§10  MDDÁß¾Ó  MDDÇÏÀ§10  CAGR°³¼±Æò±Õpp  CAGR°³¼±½Â·ü  MDD¿ÏÈ­Æò±Õpp  MDD¿ÏÈ­½Â·ü
º¯Çü                                                                                   
base         7.51      1.59 -51.86   -69.42        0.00       0.0       0.00      0.0
c35_d_tgt    7.59      1.72 -50.92   -68.60        0.04      49.6       0.75     53.8
c35_d_cap    7.59      1.61 -51.53   -68.85        0.03      53.0       0.31     48.0
c35_q_tgt    7.55      1.58 -51.45   -68.83       -0.03      30.8       0.30     25.3
c40_d_tgt    7.57      1.60 -51.58   -68.90        0.04      34.4       0.27     12.2

=== ±¸°£ C ºÎÆ®½ºÆ®·¦ (ºí·Ï 252ÀÏ, 1000È¸) ===
  [C] 200/1000 64s (eta 256s)
  [C] 400/1000 128s (eta 192s)
  [C] 600/1000 192s (eta 128s)
  [C] 800/1000 269s (eta 67s)
  [C] 1000/1000 335s (eta 0s)

[±¸°£ C] ±âº» ´ëºñ ½Ö´ë ºñ±³
           CAGRÁß¾Ó  CAGRÇÏÀ§10  MDDÁß¾Ó  MDDÇÏÀ§10  CAGR°³¼±Æò±Õpp  CAGR°³¼±½Â·ü  MDD¿ÏÈ­Æò±Õpp  MDD¿ÏÈ­½Â·ü
º¯Çü                                                                                   
base        10.50      4.92 -51.75   -66.81        0.00       0.0       0.00      0.0
c35_d_tgt   10.53      5.02 -50.90   -66.24        0.01      49.8       0.81     59.2
c35_d_cap   10.55      4.96 -51.34   -66.35        0.03      57.4       0.34     53.2
c35_q_tgt   10.51      4.83 -51.29   -66.52       -0.03      35.1       0.33     27.8
c40_d_tgt   10.52      4.89 -51.39   -66.47        0.04      48.9       0.30     12.7

