===== 자산별 단순보유 CAGR (%) =====
구간          A      B      C
자산                         
GLD      8.20  16.16  10.18
IEF      5.78  -0.48   4.19
QQQ      4.83  20.03   8.52
SCHD_a   5.68  12.54   7.37
SGOV     1.68   2.85   1.97
SPTL     7.21  -3.93   4.35
SPY      6.03  15.01   8.25
TQQQ   -11.95  31.64  -2.43

[자산별 MDD %]
구간          A     B      C
자산                        
GLD     -45.6 -26.4  -45.6
IEF     -10.4 -23.9  -23.9
QQQ     -83.0 -35.1  -83.0
SCHD_a  -55.2 -33.4  -55.2
SGOV     -0.0  -0.0   -0.0
SPTL    -18.6 -46.2  -46.2
SPY     -55.2 -33.7  -55.2
TQQQ   -100.0 -81.7 -100.0

===== 금 수익률 연 -N pp 할인 시 CAGR (%) =====
--- 구간 A ---
cut     0     1     2     3     4     5     6     7     8     10    12
key                                                                   
A1   11.74  9.95  9.39  8.80  9.44  8.86  8.28  7.72  7.16  6.08  5.03
A2   10.14  9.70  9.06  8.16  7.42  6.92  5.85  5.13  5.44  4.20  3.10
A3    7.30  6.81  6.19  5.63  5.05  4.13  3.67  3.23  2.65  1.87  1.22
P3    7.99  7.91  7.84  7.77  7.71  7.64  7.58  7.52  7.43  7.31  7.12
C1    6.66  6.56  6.46  6.36  6.28  6.19  6.10  6.02  5.90  5.72  5.45
B1    6.03  6.03  6.03  6.03  6.03  6.03  6.03  6.03  6.03  6.03  6.03
B2    4.82  4.82  4.82  4.82  4.82  4.82  4.82  4.82  4.82  4.82  4.82
  P3 에 역전당하는 최소 금 할인폭: {'A1': 8, 'A2': 4, 'A3': 0}
--- 구간 C ---
cut     0      1      2      3      4      5      6      7      8      10    12
key                                                                            
A1   13.67  12.13  11.41  10.80  11.07  10.47   9.89   9.31   8.75   7.65  6.60
A2   12.11  11.58  10.98  10.50   9.78   8.94   8.00   7.64   7.23   6.03  4.94
A3    9.45   8.52   7.86   7.26   6.66   5.95   5.24   4.75   4.25   3.34  2.57
P3   10.88  10.80  10.72  10.64  10.58  10.51  10.44  10.38  10.32  10.18  9.97
C1    8.36   8.25   8.13   8.03   7.94   7.84   7.75   7.67   7.58   7.39  7.09
B1    8.25   8.25   8.25   8.25   8.25   8.25   8.25   8.25   8.25   8.25  8.25
B2    8.51   8.51   8.51   8.51   8.51   8.51   8.51   8.51   8.51   8.51  8.51
  P3 에 역전당하는 최소 금 할인폭: {'A1': 5, 'A2': 3, 'A3': 0}

===== 금을 다른 자산으로 바꾸면 (CAGR %) =====
--- 구간 A ---
가정   금->IEF  금->SGOV(현금)  금->SPY   실제 금
key                                    
A1     9.84         7.36    9.41  11.74
A2     8.43         5.72    8.75  10.14
A3     5.63         3.18    5.25   7.30
P3     7.90         7.50    7.60   7.99
--- 구간 C ---
가정   금->IEF  금->SGOV(현금)  금->SPY   실제 금
key                                    
A1     9.69         8.29   11.43  13.67
A2     8.64         7.04   10.93  12.11
A3     5.59         4.17    7.31   9.45
P3    10.50        10.28   10.51  10.88

===== 구간 A 매월 시작 보유 CAGR 분포 (%) =====
--- 5년 보유 (180개 시작월) ---
       중앙값  하위10%     최악     최고  음수비율%  MDD중앙
key                                          
A1   12.83   7.45   1.27  27.17   0.00 -19.27
A2   11.92   6.65  -0.32  23.90   0.56 -19.55
A3   12.23   8.08   1.21  31.66   0.00 -19.41
P3   10.80  -0.17  -7.33  32.59  11.67 -29.40
C1    8.31   1.80  -2.64  20.53   4.44 -21.58
B1    7.81  -1.47  -6.88  24.01  16.67 -28.16
B2   10.59  -2.90 -18.88  29.03  13.89 -31.71
  P3 대비 승률(시작월 기준) %: {'A1': 60.6, 'A2': 58.3, 'A3': 60.0}
--- 10년 보유 (120개 시작월) ---
       중앙값  하위10%    최악     최고  음수비율%  MDD중앙
key                                         
A1   15.40  11.00  6.74  19.69   0.00 -33.31
A2   12.84  10.44  6.77  18.33   0.00 -39.89
A3   12.64   9.89  6.94  22.64   0.00 -32.34
P3   11.52   3.60 -1.40  22.70   6.67 -52.85
C1    7.91   4.10  1.30  14.49   0.00 -42.59
B1    7.32   1.27 -1.86  17.17   9.17 -55.19
B2   11.26  -1.01 -8.04  21.92  10.83 -53.40
  P3 대비 승률(시작월 기준) %: {'A1': 87.5, 'A2': 70.0, 'A3': 75.0}

saved -> out/s5_asset_cagr.csv, s5_gold_sweep.csv, s5_gold_swap.csv, s5_startdep_A.csv
