
===== 구간 A =====
                   CAGR  CAGR_세후    MDD  Sharpe  Calmar  최장회복년  최악롤링5년   위성최대   위성평균  체결횟수  평균회전율      총세금
변형                                                                                                        
V1 현행(최상위·위성 무조건)  7.99     7.20 -61.60    0.40    0.13  10.69   -8.95  42.10  29.90    19   7.97  6155.63
V2 밴드-부분           8.04     7.25 -61.60    0.40    0.13  10.69   -9.01  42.25  30.10    16   9.06  6160.78
V3 밴드-전체           7.86     7.07 -61.72    0.39    0.13  10.75   -9.07  42.10  29.69    14   9.80  6042.96
V4 최상위만 밴드         8.04     7.26 -61.60    0.40    0.13  10.69   -8.96  42.44  30.12    19   7.71  6166.64
V5 위성내부만 밴드        7.98     7.19 -61.60    0.40    0.13  10.69   -9.00  42.10  29.89    19   7.94  6148.03
V6 무리밸런싱           4.71     4.08 -44.99    0.30    0.10   7.51   -5.79  36.02  13.90     0   0.00  2830.72
V7 무이탈 해만 건너뜀      7.97     7.17 -61.60    0.39    0.13  10.69   -9.01  42.10  29.84    15   9.64  6171.84
[V1 현행 대비 차이]
                   CAGR    MDD  Sharpe  최장회복년  위성최대  체결횟수      총세금
변형                                                                
V1 현행(최상위·위성 무조건)  0.00   0.00    0.00   0.00  0.00   0.0     0.00
V2 밴드-부분           0.05   0.00    0.00   0.00  0.15  -3.0     5.14
V3 밴드-전체          -0.13  -0.12   -0.01   0.06  0.00  -5.0  -112.67
V4 최상위만 밴드         0.05   0.00    0.00   0.00  0.33   0.0    11.01
V5 위성내부만 밴드       -0.00   0.00   -0.00   0.00  0.00   0.0    -7.60
V6 무리밸런싱          -3.28  16.61   -0.09  -3.18 -6.09 -19.0 -3324.91
V7 무이탈 해만 건너뜀     -0.02   0.00   -0.00   0.00  0.00  -4.0    16.21

===== 구간 B =====
                    CAGR  CAGR_세후    MDD  Sharpe  Calmar  최장회복년  최악롤링5년   위성최대   위성평균  체결횟수  평균회전율      총세금
변형                                                                                                         
V1 현행(최상위·위성 무조건)  19.59    17.51 -32.93    0.78    0.59   1.46   15.61  45.28  31.35     6   9.88  3626.12
V2 밴드-부분           18.61    16.54 -32.93    0.74    0.57   1.54   14.15  39.63  32.12     6   8.29  3465.36
V3 밴드-전체           19.63    17.54 -32.93    0.78    0.60   1.46   15.65  45.13  31.33     6   9.73  3651.11
V4 최상위만 밴드         18.61    16.54 -32.93    0.74    0.57   1.54   14.15  39.63  32.12     6   8.29  3465.36
V5 위성내부만 밴드        19.59    17.51 -32.93    0.78    0.59   1.46   15.61  45.28  31.35     6   9.88  3626.12
V6 무리밸런싱           17.32    14.90 -41.45    0.62    0.42   2.44   10.83  49.28  35.37     0   0.00  3780.65
V7 무이탈 해만 건너뜀      19.59    17.51 -32.93    0.78    0.59   1.46   15.61  45.28  31.35     6   9.88  3626.12
[V1 현행 대비 차이]
                   CAGR   MDD  Sharpe  최장회복년  위성최대  체결횟수     총세금
변형                                                              
V1 현행(최상위·위성 무조건)  0.00  0.00    0.00   0.00  0.00   0.0    0.00
V2 밴드-부분          -0.98  0.00   -0.04   0.09 -5.65   0.0 -160.76
V3 밴드-전체           0.04  0.00    0.00   0.00 -0.16   0.0   24.99
V4 최상위만 밴드        -0.98  0.00   -0.04   0.09 -5.65   0.0 -160.76
V5 위성내부만 밴드        0.00  0.00    0.00   0.00  0.00   0.0    0.00
V6 무리밸런싱          -2.27 -8.52   -0.16   0.99  4.00  -6.0  154.53
V7 무이탈 해만 건너뜀      0.00  0.00    0.00   0.00  0.00   0.0    0.00

===== 구간 C =====
                    CAGR  CAGR_세후    MDD  Sharpe  Calmar  최장회복년  최악롤링5년   위성최대   위성평균  체결횟수  평균회전율       총세금
변형                                                                                                          
V1 현행(최상위·위성 무조건)  10.88     9.95 -61.60    0.50    0.18  10.69   -8.95  45.16  30.27    26   8.58  25987.46
V2 밴드-부분           10.69     9.79 -61.60    0.49    0.17  10.69   -9.01  42.25  30.61    23   8.74  25352.99
V3 밴드-전체           10.78     9.85 -61.72    0.50    0.17  10.75   -9.07  45.13  30.10    21   9.88  25401.58
V4 최상위만 밴드         10.69     9.79 -61.60    0.49    0.17  10.69   -8.96  42.44  30.63    26   7.79  25387.25
V5 위성내부만 밴드        10.87     9.94 -61.60    0.50    0.18  10.69   -9.00  45.16  30.25    26   8.57  25963.14
V6 무리밸런싱            6.84     6.07 -44.99    0.42    0.15   7.51   -5.79  36.02  11.91     0   0.00  10204.49
V7 무이탈 해만 건너뜀      10.86     9.93 -61.60    0.50    0.18  10.69   -9.01  45.16  30.22    22   9.84  25911.48
[V1 현행 대비 차이]
                   CAGR    MDD  Sharpe  최장회복년  위성최대  체결횟수       총세금
변형                                                                 
V1 현행(최상위·위성 무조건)  0.00   0.00    0.00   0.00  0.00   0.0      0.00
V2 밴드-부분          -0.19   0.00   -0.01   0.00 -2.91  -3.0   -634.47
V3 밴드-전체          -0.10  -0.12   -0.00   0.06 -0.03  -5.0   -585.87
V4 최상위만 밴드        -0.18   0.00   -0.01   0.00 -2.72   0.0   -600.21
V5 위성내부만 밴드       -0.00   0.00   -0.00   0.00  0.00   0.0    -24.31
V6 무리밸런싱          -4.04  16.61   -0.08  -3.18 -9.14 -26.0 -15782.97
V7 무이탈 해만 건너뜀     -0.02   0.00   -0.00   0.00  0.00  -4.0    -75.98

===== 연말 점검 이탈 빈도 =====
    top_breach  core_breach  sat_breach  any_breach  점검횟수  무이탈
구간                                                            
A            9            7          14          16    19    3
B            2            3           6           6     6    0
C           12           10          21          23    26    3

===== 쌍대 블록 부트스트랩 =====
--- 구간 A ---
  [A] 250/1000 68s (eta 205s)
  [A] 500/1000 142s (eta 142s)
  [A] 750/1000 210s (eta 70s)
  [A] 1000/1000 280s (eta 0s)
                   CAGR중앙  CAGR하위10  MDD중앙  MDD하위10  CAGR차평균pp  CAGR개선승률  MDD차평균pp  MDD완화승률
변형                                                                                         
V1 현행(최상위·위성 무조건)    7.45      0.92 -52.08   -69.63       0.00       0.0      0.00      0.0
V2 밴드-부분             7.39      0.92 -52.45   -69.67       0.00      52.1     -0.17     33.8
V3 밴드-전체             7.44      0.93 -52.11   -69.85       0.00      51.9      0.12     54.8
V4 최상위만 밴드           7.39      0.89 -52.42   -69.73       0.00      53.3     -0.11     36.1
V5 위성내부만 밴드          7.44      0.96 -52.25   -69.66       0.00      52.1     -0.06     24.3
V6 무리밸런싱             5.00      1.57 -56.53   -86.17      -0.57      29.1     -6.43     45.7
V7 무이탈 해만 건너뜀        7.46      0.90 -52.18   -69.65      -0.01      47.0      0.01     28.8
--- 구간 C ---
  [C] 250/1000 100s (eta 301s)
  [C] 500/1000 199s (eta 199s)
  [C] 750/1000 274s (eta 91s)
  [C] 1000/1000 367s (eta 0s)
                   CAGR중앙  CAGR하위10  MDD중앙  MDD하위10  CAGR차평균pp  CAGR개선승률  MDD차평균pp  MDD완화승률
변형                                                                                         
V1 현행(최상위·위성 무조건)   10.64      5.22 -51.74   -67.88       0.00       0.0      0.00      0.0
V2 밴드-부분            10.61      5.23 -51.86   -68.10       0.02      55.4     -0.19     30.7
V3 밴드-전체            10.62      5.23 -51.43   -68.01      -0.00      48.6      0.14     55.2
V4 최상위만 밴드          10.57      5.17 -51.85   -68.05       0.02      56.2     -0.12     33.4
V5 위성내부만 밴드         10.66      5.21 -51.67   -68.10       0.00      52.7     -0.06     22.7
V6 무리밸런싱             7.75      4.27 -67.72   -92.77      -0.77      25.2    -14.60     32.9
V7 무이탈 해만 건너뜀       10.64      5.19 -51.56   -68.07      -0.01      48.3      0.02     23.2

saved -> out/s6_grid.csv, s6_signals.csv, s6_boot_*.csv
