  [A] 250/1000 69s (eta 206s)
  [A] 500/1000 136s (eta 136s)
  [A] 750/1000 202s (eta 67s)
  [A] 1000/1000 284s (eta 0s)

== period A : paired bootstrap vs base ==
      CAGR_med  CAGR_p10  MDD_med  MDD_p10  satavg  dCAGR  winCAGR  dMDD  winMDD
case                                                                            
base      7.81      0.99   -52.51   -69.89   29.98   0.00      0.0  0.00     0.0
pm5       7.74      1.06   -52.91   -69.89   30.23   0.01     52.4 -0.15    33.7
pm10      7.72      1.09   -53.39   -70.25   30.47   0.04     55.2 -0.64    33.9
pm15      7.74      1.06   -53.99   -70.35   29.90   0.07     53.8 -1.26    35.9
pm20      7.62      0.81   -54.65   -70.27   29.06   0.08     52.6 -1.74    34.0
none      5.12      1.69   -58.88   -87.21   27.00  -1.03     25.2 -7.57    39.7
  [C] 250/1000 80s (eta 240s)
  [C] 500/1000 157s (eta 157s)
  [C] 750/1000 231s (eta 77s)
  [C] 1000/1000 301s (eta 0s)

== period C : paired bootstrap vs base ==
      CAGR_med  CAGR_p10  MDD_med  MDD_p10  satavg  dCAGR  winCAGR   dMDD  winMDD
case                                                                             
base     10.52      4.92   -51.75   -69.10   30.36   0.00      0.0   0.00     0.0
pm5      10.51      4.84   -52.07   -68.88   30.67   0.02     56.7  -0.16    32.6
pm10     10.67      4.80   -52.30   -68.76   31.04   0.10     61.3  -0.59    37.9
pm15     10.59      4.69   -53.32   -68.87   30.80   0.16     58.3  -1.27    35.1
pm20     10.54      4.50   -54.34   -68.42   30.22   0.20     58.0  -2.02    33.4
none      7.75      4.06   -66.66   -93.30   30.88  -0.62     26.3 -13.69    33.2
